../Core/Src/main.c:87:5:__io_putchar	16	static
../Core/Src/main.c:94:5:fonction	32	static
../Core/Src/main.c:102:5:LED	40	static
../Core/Src/main.c:136:5:cutoff	32	static
../Core/Src/main.c:153:6:Task_shell	8	static
../Core/Src/main.c:163:6:Task_MIC	16	static
../Core/Src/main.c:178:5:main	40	static
../Core/Src/main.c:281:6:SystemClock_Config	96	static
../Core/Src/main.c:330:6:PeriphCommonClock_Config	144	static
../Core/Src/main.c:352:6:HAL_UART_RxCpltCallback	24	static,ignoring_inline_asm
../Core/Src/main.c:368:6:HAL_SAI_TxHalfCpltCallback	16	static
../Core/Src/main.c:373:6:HAL_SAI_TxCpltCallback	16	static
../Core/Src/main.c:379:6:HAL_SAI_RxHalfCpltCallback	16	static
../Core/Src/main.c:387:6:HAL_SAI_RxCpltCallback	32	static
../Core/Src/main.c:407:6:Error_Handler	4	static,ignoring_inline_asm
