../Core/Src/main.c:76:5:__io_putchar	16	static
../Core/Src/main.c:83:5:fonction	32	static
../Core/Src/main.c:91:5:LED	40	static
../Core/Src/main.c:125:6:Task_shell	8	static
../Core/Src/main.c:133:6:Task_LED	16	static
../Core/Src/main.c:160:5:main	40	static
../Core/Src/main.c:262:6:SystemClock_Config	96	static
../Core/Src/main.c:311:6:PeriphCommonClock_Config	144	static
../Core/Src/main.c:333:6:HAL_UART_RxCpltCallback	24	static,ignoring_inline_asm
../Core/Src/main.c:348:6:generateTriangle	64	static
../Core/Src/main.c:368:6:generateSquare	32	static
../Core/Src/main.c:376:6:HAL_SAI_TxHalfCpltCallback	16	static
../Core/Src/main.c:381:6:HAL_SAI_TxCpltCallback	16	static
../Core/Src/main.c:392:6:Error_Handler	4	static,ignoring_inline_asm
