../Core/Src/main.c:80:5:__io_putchar	16	static
../Core/Src/main.c:87:5:fonction	32	static
../Core/Src/main.c:95:5:LED	40	static
../Core/Src/main.c:129:5:cutoff	32	static
../Core/Src/main.c:146:6:Task_shell	8	static
../Core/Src/main.c:156:6:Task_LED	16	static
../Core/Src/main.c:172:5:main	40	static
../Core/Src/main.c:275:6:SystemClock_Config	96	static
../Core/Src/main.c:324:6:PeriphCommonClock_Config	144	static
../Core/Src/main.c:346:6:HAL_UART_RxCpltCallback	24	static,ignoring_inline_asm
../Core/Src/main.c:362:6:HAL_SAI_TxHalfCpltCallback	16	static
../Core/Src/main.c:367:6:HAL_SAI_TxCpltCallback	16	static
../Core/Src/main.c:373:6:HAL_SAI_RxCpltCallback	32	static
../Core/Src/main.c:391:6:Error_Handler	4	static,ignoring_inline_asm
